#-----------------------------------------------------------
# Vivado v2024.1 (64-bit)
# SW Build 5076996 on Wed May 22 18:37:14 MDT 2024
# IP Build 5075265 on Wed May 22 21:45:21 MDT 2024
# SharedData Build 5076995 on Wed May 22 18:29:18 MDT 2024
# Start of session at: Mon Dec  2 11:34:44 2024
# Process ID: 19792
# Current directory: C:/Users/eoppo/Documents/VCU Engineering/Fall 2024/EGRE 365/Lab Vivado/FinalProject/tempSensorReader-main/tempSensorReader.runs/impl_1
# Command line: vivado.exe -log ADT_toplevel.vdi -applog -product Vivado -messageDb vivado.pb -mode batch -source ADT_toplevel.tcl -notrace
# Log file: C:/Users/eoppo/Documents/VCU Engineering/Fall 2024/EGRE 365/Lab Vivado/FinalProject/tempSensorReader-main/tempSensorReader.runs/impl_1/ADT_toplevel.vdi
# Journal file: C:/Users/eoppo/Documents/VCU Engineering/Fall 2024/EGRE 365/Lab Vivado/FinalProject/tempSensorReader-main/tempSensorReader.runs/impl_1\vivado.jou
# Running On        :GOSU
# Platform          :Windows Server 2016 or Windows 10
# Operating System  :22631
# Processor Detail  :12th Gen Intel(R) Core(TM) i7-1260P
# CPU Frequency     :2496 MHz
# CPU Physical cores:12
# CPU Logical cores :16
# Host memory       :16774 MB
# Swap memory       :18253 MB
# Total Virtual     :35027 MB
# Available Virtual :10785 MB
#-----------------------------------------------------------
source ADT_toplevel.tcl -notrace
